 Cipher Key = b';\x9a\x9a\xcc\xcc\xcc\x9a\xa6;\xa6\x9a\x9a\xa6\xa6\x9a;'
[3, 16, 19, 126, 47, 126, 243, 125, 29, 126, 12, 126, 4, 126, 227, 125, 0, 0, 94, 126, 165, 126, 157, 126, 35, 126, 35, 126, 103, 126, 129, 131]
3,16,4137.82051262,4141.41025621,4133.71794844,4139.10256390,4136.92307672,4135.89743569,4131.66666639,4147.43589723,4156.53846133,4155.51282031,4139.87179467,4139.87179467,4148.58974339,4316.02564117,0,0
[4, 16, 38, 126, 17, 126, 27, 126, 5, 126, 3, 126, 239, 125, 237, 125, 0, 0, 123, 126, 73, 126, 177, 126, 34, 126, 20, 126, 115, 126, 97, 131]
4,16,4140.25641005,4137.56410236,4138.84615364,4136.02564082,4135.76923056,4133.20512793,4132.94871767,4151.15384595,4144.74358954,4158.07692287,4139.74358954,4137.94871774,4150.12820492,4311.92307707,0,0
[5, 16, 253, 125, 24, 126, 248, 125, 26, 126, 21, 126, 33, 126, 26, 126, 21, 0, 58, 126, 206, 125, 104, 126, 239, 125, 237, 125, 48, 126, 230, 130]
5,16,4134.99999973,4138.46153826,4134.35897408,4138.71794851,4138.07692287,4139.61538441,4138.71794851,4142.82051262,4128.97435870,4148.71794851,4133.20512793,4132.94871767,4141.53846133,4296.15384623,21,0
[6, 16, 248, 125, 32, 126, 248, 125, 249, 125, 229, 125, 253, 125, 255, 125, 0, 0, 47, 126, 3, 126, 116, 126, 208, 125, 10, 126, 28, 126, 92, 131]
6,16,4134.35897408,4139.48717928,4134.35897408,4134.48717921,4131.92307665,4134.99999973,4135.25640998,4141.41025621,4135.76923056,4150.25641005,4129.23076896,4136.66666646,4138.97435877,4311.28205142,0,0 
[7, 16, 216, 125, 20, 126, 11, 126, 11, 126, 244, 125, 0, 126, 251, 125, 0, 0, 31, 126, 242, 125, 100, 126, 201, 125, 220, 125, 19, 126, 96, 131]
7,16,4130.25640998,4137.94871774,4136.79487159,4136.79487159,4133.84615357,4135.38461518,4134.74358947,4139.35897415,4133.58974332,4148.20512800,4128.33333306,4130.76923050,4137.82051262,4311.79487194,0,0
[8, 16, 225, 125, 245, 125, 17, 126, 237, 125, 223, 125, 217, 125, 242, 125, 0, 0, 254, 125, 201, 125, 94, 126, 236, 125, 10, 126, 23, 126, 81, 131]
8,16,4131.41025614,4133.97435870,4137.56410236,4132.94871767,4131.15384588,4130.38461511,4133.58974332,4135.12820485,4128.33333306,4147.43589723,4132.82051255,4136.66666646,4138.33333313,4309.87179501,0,0
[9, 16, 235, 125, 12, 126, 15, 126, 221, 125, 244, 125, 227, 125, 3, 126, 0, 0, 219, 125, 155, 125, 66, 126, 248, 125, 8, 126, 2, 126, 38, 131]
9,16,4132.69230742,4136.92307672,4137.30769210,4130.89743562,4133.84615357,4131.66666639,4135.76923056,4130.64102537,4122.43589716,4143.84615364,4134.35897408,4136.41025621,4135.64102544,4304.35897450,0,0
[10, 16, 18, 126, 6, 126, 17, 126, 211, 125, 9, 126, 233, 125, 2, 126, 0, 0, 192, 125, 217, 125, 255, 125, 254, 125, 33, 126, 16, 126, 38, 131]
10,16,4137.69230749,4136.15384595,4137.56410236,4129.61538434,4136.53846133,4132.43589716,4135.64102544,4127.17948691,4130.38461511,4135.25640998,4135.12820485,4139.61538441,4137.43589723,4304.35897450,0,0
[11, 16, 250, 125, 245, 125, 12, 126, 237, 125, 0, 126, 1, 126, 251, 125, 0, 0, 168, 125, 147, 126, 231, 125, 42, 126, 85, 126, 56, 126, 46, 131]
11,16,4134.61538434,4133.97435870,4136.92307672,4132.94871767,4135.38461518,4135.51282031,4134.74358947,4124.10256383,4154.23076903,4132.17948691,4140.76923056,4146.28205108,4142.56410236,4305.38461553,0,0
[12, 16, 12, 126, 28, 126, 8, 126, 213, 125, 246, 125, 250, 125, 239, 125, 0, 0, 195, 125, 214, 126, 10, 126, 61, 126, 122, 126, 102, 126, 85, 131]
12,16,4136.92307672,4138.97435877,4136.41025621,4129.87179460,4134.10256383,4134.61538434,4133.20512793,4127.56410229,4162.82051262,4136.66666646,4143.20512800,4151.02564082,4148.46153826,4310.38461553,0,0
[13, 16, 45, 126, 54, 126, 45, 126, 229, 125, 4, 126, 240, 125, 225, 125, 12, 0, 54, 126, 200, 126, 19, 126, 85, 126, 145, 126, 176, 126, 144, 131]
13,16,4141.15384595,4142.30769210,4141.15384595,4131.92307665,4135.89743569,4133.33333306,4131.41025614,4142.30769210,4161.02564082,4137.82051262,4146.28205108,4153.97435877,4157.94871774,4317.94871809,12,0
[14, 16, 48, 126, 38, 126, 25, 126, 20, 126, 19, 126, 34, 126, 11, 126, 0, 0, 43, 126, 168, 126, 4, 126, 72, 126, 104, 126, 168, 126, 117, 131]
14,16,4141.53846133,4140.25641005,4138.58974339,4137.94871774,4137.82051262,4139.74358954,4136.79487159,4140.89743569,4156.92307672,4135.89743569,4144.61538441,4148.71794851,4156.92307672,4314.48717963,0,0
[15, 16, 14, 126, 22, 126, 22, 126, 32, 126, 19, 126, 36, 126, 11, 126, 0, 0, 63, 126, 164, 126, 74, 126, 45, 126, 98, 126, 125, 126, 105, 131]
15,16,4137.17948697,4138.20512800,4138.20512800,4139.48717928,4137.82051262,4139.99999980,4136.79487159,4143.46153826,4156.41025621,4144.87179467,4141.15384595,4147.94871774,4151.41025621,4312.94871809,0,0
[16, 16, 12, 126, 46, 126, 3, 126, 29, 126, 55, 126, 30, 126, 2, 126, 0, 0, 100, 126, 76, 126, 100, 126, 4, 126, 31, 126, 89, 126, 54, 131]
16,16,4136.92307672,4141.28205108,4135.76923056,4139.10256390,4142.43589723,4139.23076903,4135.64102544,4148.20512800,4145.12820492,4148.20512800,4135.89743569,4139.35897415,4146.79487159,4306.41025655,0,0
[17, 16, 26, 126, 24, 126, 7, 126, 30, 126, 33, 126, 241, 125, 253, 125, 0, 0, 118, 126, 45, 126, 154, 126, 31, 126, 39, 126, 113, 126, 118, 131]
17,16,4138.71794851,4138.46153826,4136.28205108,4139.23076903,4139.61538441,4133.46153819,4134.99999973,4150.51282031,4141.15384595,4155.12820492,4139.35897415,4140.38461518,4149.87179467,4314.61538476,0,0
[18, 16, 246, 125, 29, 126, 235, 125, 46, 126, 37, 126, 24, 126, 52, 126, 0, 0, 33, 126, 222, 125, 192, 126, 246, 125, 246, 125, 67, 126, 51, 131]
18,16,4134.10256383,4139.10256390,4132.69230742,4141.28205108,4140.12820492,4138.46153826,4142.05128185,4139.61538441,4131.02564075,4159.99999980,4134.10256383,4134.10256383,4143.97435877,4306.02564117,0,0
[19, 16, 238, 125, 29, 126, 18, 126, 14, 126, 5, 126, 245, 125, 0, 126, 0, 0, 37, 126, 242, 125, 177, 126, 206, 125, 241, 125, 67, 126, 153, 131]